// Jest Snapshot v1, https://goo.gl/fbAQLP

exports[`Testing render FavoriteSearch Correct render 1`] = `
<div
  className="searchform"
>
  <div>
    <h1>
      Favorite
    </h1>
  </div>
  <div
    className="searchformInside"
  >
    <form
      onSubmit={[Function]}
    >
      <input
        onChange={[Function]}
        type="search"
        value=""
      />
      <button
        className="btn btn-secondary btn-circle"
        type="submit"
      >
        Add
      </button>
    </form>
    <button
      className="btn btn-secondary"
      onClick={[Function]}
    >
      â†º
    </button>
  </div>
</div>
`;
